// Vitest Snapshot v1, https://vitest.dev/guide/snapshot.html

exports[`Sandpack > Should resolve sandpack info 1`] = `
"<MdSandpack title=\\"Sandpack%20demo\\" key=\\"47bf4596\\" template=\\"vue\\" files=\\"eyJBcHAudnVlIjoiPHNjcmlwdCBzZXR1cD5cbmltcG9ydCB7IHJlZiB9IGZyb20gJ3Z1ZSdcbmNvbnN0IG1zZyA9IHJlZignSGVsbG8gV29ybGQhJylcbjwvc2NyaXB0PlxuPHRlbXBsYXRlPlxuICA8aDE%2Be3sgbXNnIH19PC9oMT5cbiAgPGlucHV0IHYtbW9kZWw9XCJtc2dcIiAvPlxuPC90ZW1wbGF0ZT5cbiIsIkNvbXAudnVlIjoiPHRlbXBsYXRlPlxuICA8ZGl2PkNvbXA8L2Rpdj5cbjwvdGVtcGxhdGU%2BXG4ifQ%3D%3D\\" options=\\"%7B%7D\\" customSetup=\\"%7B%7D\\">
</MdSandpack>
"
`;

exports[`Sandpack > Should resolve sandpack info with customSetup 1`] = `
"<MdSandpack title=\\"Sandpack%20demo%20with%20customSetup\\" key=\\"61e23a7c\\" template=\\"vue\\" files=\\"eyJBcHAudnVlIjoiPHNjcmlwdCBzZXR1cD5cbmltcG9ydCB7IHJlZiB9IGZyb20gJ3Z1ZSdcbmNvbnN0IG1zZyA9IHJlZignSGVsbG8gV29ybGQhJylcbjwvc2NyaXB0PlxuPHRlbXBsYXRlPlxuICA8aDE%2Be3sgbXNnIH19PC9oMT5cbiAgPGlucHV0IHYtbW9kZWw9XCJtc2dcIiAvPlxuPC90ZW1wbGF0ZT5cbiJ9\\" options=\\"%7B%22readOnly%22%3Atrue%2C%22showReadOnly%22%3Afalse%7D\\" customSetup=\\"%7B%22entry%22%3A%22%2Findex.js%22%7D\\">
</MdSandpack>
"
`;

exports[`Sandpack > Should resolve sandpack info with file attrs 1`] = `
"<MdSandpack title=\\"Sandpack%20demo%20with%20options\\" key=\\"8b2108e4\\" template=\\"\\" files=\\"eyIvc3JjL0FwcC52dWUiOnsiY29kZSI6IjxzY3JpcHQgc2V0dXA%2BXG5pbXBvcnQgeyByZWYgfSBmcm9tICd2dWUnXG5jb25zdCBtc2cgPSByZWYoJ0hlbGxvIFdvcmxkIScpXG48L3NjcmlwdD5cbjx0ZW1wbGF0ZT5cbiAgPGgxPnt7IG1zZyB9fTwvaDE%2BXG4gIDxpbnB1dCB2LW1vZGVsPVwibXNnXCIgLz5cbjwvdGVtcGxhdGU%2BXG4iLCJhY3RpdmUiOmZhbHNlLCJoaWRkZW4iOnRydWUsInJlYWRPbmx5Ijp0cnVlfSwiL3NyYy9Db21wLnZ1ZSI6eyJjb2RlIjoiPHRlbXBsYXRlPlxuICA8ZGl2PkNvbXA8L2Rpdj5cbjwvdGVtcGxhdGU%2BXG4iLCJhY3RpdmUiOnRydWUsImhpZGRlbiI6ZmFsc2UsInJlYWRPbmx5IjpmYWxzZX0sIkNvbXAyLnZ1ZSI6Ijx0ZW1wbGF0ZT5cbiAgPGRpdj5Db21wMjwvZGl2PlxuPC90ZW1wbGF0ZT5cbiJ9\\" options=\\"%7B%7D\\" customSetup=\\"%7B%7D\\">
</MdSandpack>
"
`;

exports[`Sandpack > Should resolve sandpack info with options 1`] = `
"<MdSandpack title=\\"Sandpack%20demo%20with%20options\\" key=\\"8b2108e4\\" template=\\"\\" files=\\"eyJBcHAudnVlIjoiPHNjcmlwdCBzZXR1cD5cbmltcG9ydCB7IHJlZiB9IGZyb20gJ3Z1ZSdcbmNvbnN0IG1zZyA9IHJlZignSGVsbG8gV29ybGQhJylcbjwvc2NyaXB0PlxuPHRlbXBsYXRlPlxuICA8aDE%2Be3sgbXNnIH19PC9oMT5cbiAgPGlucHV0IHYtbW9kZWw9XCJtc2dcIiAvPlxuPC90ZW1wbGF0ZT5cbiIsIkNvbXAudnVlIjoiPHRlbXBsYXRlPlxuICA8ZGl2PkNvbXA8L2Rpdj5cbjwvdGVtcGxhdGU%2BXG4ifQ%3D%3D\\" options=\\"%7B%22readOnly%22%3Atrue%2C%22showReadOnly%22%3Afalse%7D\\" customSetup=\\"%7B%7D\\">
</MdSandpack>
"
`;
